// Jest Snapshot v1, https://goo.gl/fbAQLP

exports[`should render App 1`] = `
<div
  className="app"
>
  <h2>
    Welcome to React!
  </h2>
</div>
`;
